// Jest Snapshot v1, https://goo.gl/fbAQLP

exports[`EmergencyPage matches snapshot 1`] = `<div />`;
